Archive member included because of file (symbol)

c:/winavr-20100110/bin/../lib/gcc/avr/4.3.3/avr5\libgcc.a(_mulsi3.o)
                              ./MCAL/Timer/Timer_Prog.o (__mulsi3)
c:/winavr-20100110/bin/../lib/gcc/avr/4.3.3/avr5\libgcc.a(_udivmodqi4.o)
                              ./MCAL/DIO/DIO_Prog.o (__udivmodqi4)
c:/winavr-20100110/bin/../lib/gcc/avr/4.3.3/avr5\libgcc.a(_udivmodsi4.o)
                              ./HAL/SSD/SSD_Prog.o (__udivmodsi4)
c:/winavr-20100110/bin/../lib/gcc/avr/4.3.3/avr5\libgcc.a(_divmodsi4.o)
                              ./HAL/LCD/LCD_Prog.o (__divmodsi4)
c:/winavr-20100110/bin/../lib/gcc/avr/4.3.3/avr5\libgcc.a(_exit.o)
                              c:/winavr-20100110/bin/../lib/gcc/avr/4.3.3/../../../../avr/lib/avr5/crtm32.o (exit)
c:/winavr-20100110/bin/../lib/gcc/avr/4.3.3/avr5\libgcc.a(_copy_data.o)
                              ./HAL/Keypad/Keypad_Prog.o (__do_copy_data)
c:/winavr-20100110/bin/../lib/gcc/avr/4.3.3/avr5\libgcc.a(_clear_bss.o)
                              ./MCAL/Timer/Timer_Prog.o (__do_clear_bss)
c:/winavr-20100110/bin/../lib/gcc/avr/4.3.3/avr5\libgcc.a(_fixunssfsi.o)
                              ./MCAL/Timer/Timer_Prog.o (__fixunssfsi)
c:/winavr-20100110/bin/../lib/gcc/avr/4.3.3/avr5\libgcc.a(_addsub_sf.o)
                              ./MCAL/Timer/Timer_Prog.o (__subsf3)
c:/winavr-20100110/bin/../lib/gcc/avr/4.3.3/avr5\libgcc.a(_mul_sf.o)
                              ./MCAL/Timer/Timer_Prog.o (__mulsf3)
c:/winavr-20100110/bin/../lib/gcc/avr/4.3.3/avr5\libgcc.a(_div_sf.o)
                              ./MCAL/Timer/Timer_Prog.o (__divsf3)
c:/winavr-20100110/bin/../lib/gcc/avr/4.3.3/avr5\libgcc.a(_gt_sf.o)
                              ./APP/Projects/main.o (__gtsf2)
c:/winavr-20100110/bin/../lib/gcc/avr/4.3.3/avr5\libgcc.a(_ge_sf.o)
                              c:/winavr-20100110/bin/../lib/gcc/avr/4.3.3/avr5\libgcc.a(_fixunssfsi.o) (__gesf2)
c:/winavr-20100110/bin/../lib/gcc/avr/4.3.3/avr5\libgcc.a(_lt_sf.o)
                              ./APP/Projects/main.o (__ltsf2)
c:/winavr-20100110/bin/../lib/gcc/avr/4.3.3/avr5\libgcc.a(_si_to_sf.o)
                              ./MCAL/ICU/ICU_Prog.o (__floatsisf)
c:/winavr-20100110/bin/../lib/gcc/avr/4.3.3/avr5\libgcc.a(_sf_to_si.o)
                              c:/winavr-20100110/bin/../lib/gcc/avr/4.3.3/avr5\libgcc.a(_fixunssfsi.o) (__fixsfsi)
c:/winavr-20100110/bin/../lib/gcc/avr/4.3.3/avr5\libgcc.a(_thenan_sf.o)
                              c:/winavr-20100110/bin/../lib/gcc/avr/4.3.3/avr5\libgcc.a(_addsub_sf.o) (__thenan_sf)
c:/winavr-20100110/bin/../lib/gcc/avr/4.3.3/avr5\libgcc.a(_usi_to_sf.o)
                              ./MCAL/Timer/Timer_Prog.o (__floatunsisf)
c:/winavr-20100110/bin/../lib/gcc/avr/4.3.3/avr5\libgcc.a(_prologue.o)
                              c:/winavr-20100110/bin/../lib/gcc/avr/4.3.3/avr5\libgcc.a(_addsub_sf.o) (__prologue_saves__)
c:/winavr-20100110/bin/../lib/gcc/avr/4.3.3/avr5\libgcc.a(_epilogue.o)
                              c:/winavr-20100110/bin/../lib/gcc/avr/4.3.3/avr5\libgcc.a(_addsub_sf.o) (__epilogue_restores__)
c:/winavr-20100110/bin/../lib/gcc/avr/4.3.3/avr5\libgcc.a(_clzsi2.o)
                              c:/winavr-20100110/bin/../lib/gcc/avr/4.3.3/avr5\libgcc.a(_si_to_sf.o) (__clzsi2)
c:/winavr-20100110/bin/../lib/gcc/avr/4.3.3/avr5\libgcc.a(_pack_sf.o)
                              c:/winavr-20100110/bin/../lib/gcc/avr/4.3.3/avr5\libgcc.a(_addsub_sf.o) (__pack_f)
c:/winavr-20100110/bin/../lib/gcc/avr/4.3.3/avr5\libgcc.a(_unpack_sf.o)
                              c:/winavr-20100110/bin/../lib/gcc/avr/4.3.3/avr5\libgcc.a(_addsub_sf.o) (__unpack_f)
c:/winavr-20100110/bin/../lib/gcc/avr/4.3.3/avr5\libgcc.a(_fpcmp_parts_sf.o)
                              c:/winavr-20100110/bin/../lib/gcc/avr/4.3.3/avr5\libgcc.a(_gt_sf.o) (__fpcmp_parts_f)
c:/winavr-20100110/bin/../lib/gcc/avr/4.3.3/avr5\libgcc.a(_clz.o)
                              c:/winavr-20100110/bin/../lib/gcc/avr/4.3.3/avr5\libgcc.a(_clzsi2.o) (__clz_tab)
c:/winavr-20100110/bin/../lib/gcc/avr/4.3.3/../../../../avr/lib/avr5\libc.a(dtostrf.o)
                              ./APP/Projects/main.o (dtostrf)
c:/winavr-20100110/bin/../lib/gcc/avr/4.3.3/../../../../avr/lib/avr5\libc.a(dtoa_prf.o)
                              c:/winavr-20100110/bin/../lib/gcc/avr/4.3.3/../../../../avr/lib/avr5\libc.a(dtostrf.o) (dtoa_prf)
c:/winavr-20100110/bin/../lib/gcc/avr/4.3.3/../../../../avr/lib/avr5\libc.a(ftoa_engine.o)
                              c:/winavr-20100110/bin/../lib/gcc/avr/4.3.3/../../../../avr/lib/avr5\libc.a(dtoa_prf.o) (__ftoa_engine)

Allocating common symbols
Common symbol       size              file

Timer_CallBack      0x2               ./MCAL/Timer/Timer_Prog.o
string              0xa               ./APP/Projects/main.o
distance            0x4               ./APP/Projects/main.o
local_dis           0x4               ./APP/Projects/main.o
local_count         0x4               ./APP/Projects/main.o
LDRSHOW             0x7               ./APP/Projects/main.o
Timer_CallBackk     0x2               ./MCAL/Timer/Timer_Prog.o

Memory Configuration

Name             Origin             Length             Attributes
text             0x00000000         0x00020000         xr
data             0x00800060         0x0000ffa0         rw !x
eeprom           0x00810000         0x00010000         rw !x
fuse             0x00820000         0x00000400         rw !x
lock             0x00830000         0x00000400         rw !x
signature        0x00840000         0x00000400         rw !x
*default*        0x00000000         0xffffffff

Linker script and memory map

LOAD c:/winavr-20100110/bin/../lib/gcc/avr/4.3.3/../../../../avr/lib/avr5/crtm32.o
LOAD ./MCAL/WDT/WDT_Prog.o
LOAD ./MCAL/UART/UART_Prog.o
LOAD ./MCAL/Timer/Timer_Prog.o
LOAD ./MCAL/ICU/ICU_Prog.o
LOAD ./MCAL/I2C/I2C_Prog.o
LOAD ./MCAL/GIE/GIE_Prog.o
LOAD ./MCAL/EXINT/EXINT_Prog.o
LOAD ./MCAL/DIO/DIO_Prog.o
LOAD ./MCAL/ADC_NEW_config/ADC_NEW_PROG.o
LOAD ./MCAL/ADC/ADC_Prog.o
LOAD ./HAL/WIFI/WIFI_Prog.o
LOAD ./HAL/SSD/SSD_Prog.o
LOAD ./HAL/Relay/Relay_Prog.o
LOAD ./HAL/PushButton/PushButton_Prog.o
LOAD ./HAL/LED/LED_Prog.o
LOAD ./HAL/LDR/LDR_Prog.o
LOAD ./HAL/LCD/LCD_Prog.o
LOAD ./HAL/Keypad/Keypad_Prog.o
LOAD ./HAL/EEPROM/EEPROM_Prog.o
LOAD ./HAL/Buzzer/Buzzer_Prog.o
LOAD ./APP/Projects/M_USART_NEW_Prog.o
LOAD ./APP/Projects/main.o
LOAD c:/winavr-20100110/bin/../lib/gcc/avr/4.3.3/avr5\libgcc.a
LOAD c:/winavr-20100110/bin/../lib/gcc/avr/4.3.3/../../../../avr/lib/avr5\libc.a
LOAD c:/winavr-20100110/bin/../lib/gcc/avr/4.3.3/avr5\libgcc.a

.hash
 *(.hash)

.dynsym
 *(.dynsym)

.dynstr
 *(.dynstr)

.gnu.version
 *(.gnu.version)

.gnu.version_d
 *(.gnu.version_d)

.gnu.version_r
 *(.gnu.version_r)

.rel.init
 *(.rel.init)

.rela.init
 *(.rela.init)

.rel.text
 *(.rel.text)
 *(.rel.text.*)
 *(.rel.gnu.linkonce.t*)

.rela.text
 *(.rela.text)
 *(.rela.text.*)
 *(.rela.gnu.linkonce.t*)

.rel.fini
 *(.rel.fini)

.rela.fini
 *(.rela.fini)

.rel.rodata
 *(.rel.rodata)
 *(.rel.rodata.*)
 *(.rel.gnu.linkonce.r*)

.rela.rodata
 *(.rela.rodata)
 *(.rela.rodata.*)
 *(.rela.gnu.linkonce.r*)

.rel.data
 *(.rel.data)
 *(.rel.data.*)
 *(.rel.gnu.linkonce.d*)

.rela.data
 *(.rela.data)
 *(.rela.data.*)
 *(.rela.gnu.linkonce.d*)

.rel.ctors
 *(.rel.ctors)

.rela.ctors
 *(.rela.ctors)

.rel.dtors
 *(.rel.dtors)

.rela.dtors
 *(.rela.dtors)

.rel.got
 *(.rel.got)

.rela.got
 *(.rela.got)

.rel.bss
 *(.rel.bss)

.rela.bss
 *(.rela.bss)

.rel.plt
 *(.rel.plt)

.rela.plt
 *(.rela.plt)

.text           0x00000000     0x34e4
 *(.vectors)
 .vectors       0x00000000       0x54 c:/winavr-20100110/bin/../lib/gcc/avr/4.3.3/../../../../avr/lib/avr5/crtm32.o
                0x00000000                __vectors
                0x00000000                __vector_default
 *(.vectors)
 *(.progmem.gcc*)
 *(.progmem*)
 .progmem.data  0x00000054       0xfa c:/winavr-20100110/bin/../lib/gcc/avr/4.3.3/../../../../avr/lib/avr5\libc.a(ftoa_engine.o)
                0x0000014e                . = ALIGN (0x2)
                0x0000014e                __trampolines_start = .
 *(.trampolines)
 .trampolines   0x0000014e        0x0 linker stubs
 *(.trampolines*)
                0x0000014e                __trampolines_end = .
 *(.jumptables)
 *(.jumptables*)
 *(.lowtext)
 *(.lowtext*)
                0x0000014e                __ctors_start = .
 *(.ctors)
                0x0000014e                __ctors_end = .
                0x0000014e                __dtors_start = .
 *(.dtors)
                0x0000014e                __dtors_end = .
 SORT(*)(.ctors)
 SORT(*)(.dtors)
 *(.init0)
 .init0         0x0000014e        0x0 c:/winavr-20100110/bin/../lib/gcc/avr/4.3.3/../../../../avr/lib/avr5/crtm32.o
                0x0000014e                __init
 *(.init0)
 *(.init1)
 *(.init1)
 *(.init2)
 .init2         0x0000014e        0xc c:/winavr-20100110/bin/../lib/gcc/avr/4.3.3/../../../../avr/lib/avr5/crtm32.o
 *(.init2)
 *(.init3)
 *(.init3)
 *(.init4)
 .init4         0x0000015a       0x16 c:/winavr-20100110/bin/../lib/gcc/avr/4.3.3/avr5\libgcc.a(_copy_data.o)
                0x0000015a                __do_copy_data
 .init4         0x00000170       0x10 c:/winavr-20100110/bin/../lib/gcc/avr/4.3.3/avr5\libgcc.a(_clear_bss.o)
                0x00000170                __do_clear_bss
 *(.init4)
 *(.init5)
 *(.init5)
 *(.init6)
 *(.init6)
 *(.init7)
 *(.init7)
 *(.init8)
 *(.init8)
 *(.init9)
 .init9         0x00000180        0x8 c:/winavr-20100110/bin/../lib/gcc/avr/4.3.3/../../../../avr/lib/avr5/crtm32.o
 *(.init9)
 *(.text)
 .text          0x00000188        0x4 c:/winavr-20100110/bin/../lib/gcc/avr/4.3.3/../../../../avr/lib/avr5/crtm32.o
                0x00000188                __vector_1
                0x00000188                __vector_12
                0x00000188                __bad_interrupt
                0x00000188                __vector_6
                0x00000188                __vector_3
                0x00000188                __vector_13
                0x00000188                __vector_17
                0x00000188                __vector_19
                0x00000188                __vector_7
                0x00000188                __vector_4
                0x00000188                __vector_2
                0x00000188                __vector_15
                0x00000188                __vector_8
                0x00000188                __vector_14
                0x00000188                __vector_10
                0x00000188                __vector_16
                0x00000188                __vector_18
                0x00000188                __vector_20
 .text          0x0000018c        0x0 ./MCAL/WDT/WDT_Prog.o
 .text          0x0000018c        0x0 ./MCAL/UART/UART_Prog.o
 .text          0x0000018c        0x0 ./MCAL/Timer/Timer_Prog.o
 .text          0x0000018c        0x0 ./MCAL/ICU/ICU_Prog.o
 .text          0x0000018c        0x0 ./MCAL/I2C/I2C_Prog.o
 .text          0x0000018c        0x0 ./MCAL/GIE/GIE_Prog.o
 .text          0x0000018c        0x0 ./MCAL/EXINT/EXINT_Prog.o
 .text          0x0000018c        0x0 ./MCAL/DIO/DIO_Prog.o
 .text          0x0000018c        0x0 ./MCAL/ADC_NEW_config/ADC_NEW_PROG.o
 .text          0x0000018c        0x0 ./MCAL/ADC/ADC_Prog.o
 .text          0x0000018c        0x0 ./HAL/WIFI/WIFI_Prog.o
 .text          0x0000018c        0x0 ./HAL/SSD/SSD_Prog.o
 .text          0x0000018c        0x0 ./HAL/Relay/Relay_Prog.o
 .text          0x0000018c        0x0 ./HAL/PushButton/PushButton_Prog.o
 .text          0x0000018c        0x0 ./HAL/LED/LED_Prog.o
 .text          0x0000018c        0x0 ./HAL/LDR/LDR_Prog.o
 .text          0x0000018c        0x0 ./HAL/LCD/LCD_Prog.o
 .text          0x0000018c        0x0 ./HAL/Keypad/Keypad_Prog.o
 .text          0x0000018c        0x0 ./HAL/EEPROM/EEPROM_Prog.o
 .text          0x0000018c        0x0 ./HAL/Buzzer/Buzzer_Prog.o
 .text          0x0000018c        0x0 ./APP/Projects/M_USART_NEW_Prog.o
 .text          0x0000018c        0x0 ./APP/Projects/main.o
 .text          0x0000018c        0x0 c:/winavr-20100110/bin/../lib/gcc/avr/4.3.3/avr5\libgcc.a(_mulsi3.o)
 .text          0x0000018c        0x0 c:/winavr-20100110/bin/../lib/gcc/avr/4.3.3/avr5\libgcc.a(_udivmodqi4.o)
 .text          0x0000018c        0x0 c:/winavr-20100110/bin/../lib/gcc/avr/4.3.3/avr5\libgcc.a(_udivmodsi4.o)
 .text          0x0000018c        0x0 c:/winavr-20100110/bin/../lib/gcc/avr/4.3.3/avr5\libgcc.a(_divmodsi4.o)
 .text          0x0000018c        0x0 c:/winavr-20100110/bin/../lib/gcc/avr/4.3.3/avr5\libgcc.a(_exit.o)
 .text          0x0000018c        0x0 c:/winavr-20100110/bin/../lib/gcc/avr/4.3.3/avr5\libgcc.a(_copy_data.o)
 .text          0x0000018c        0x0 c:/winavr-20100110/bin/../lib/gcc/avr/4.3.3/avr5\libgcc.a(_clear_bss.o)
 .text          0x0000018c       0x58 c:/winavr-20100110/bin/../lib/gcc/avr/4.3.3/avr5\libgcc.a(_fixunssfsi.o)
                0x0000018c                __fixunssfsi
 .text          0x000001e4      0x354 c:/winavr-20100110/bin/../lib/gcc/avr/4.3.3/avr5\libgcc.a(_addsub_sf.o)
                0x0000047c                __subsf3
                0x000004de                __addsf3
 .text          0x00000538      0x1f4 c:/winavr-20100110/bin/../lib/gcc/avr/4.3.3/avr5\libgcc.a(_mul_sf.o)
                0x00000538                __mulsf3
 .text          0x0000072c      0x158 c:/winavr-20100110/bin/../lib/gcc/avr/4.3.3/avr5\libgcc.a(_div_sf.o)
                0x0000072c                __divsf3
 .text          0x00000884       0x60 c:/winavr-20100110/bin/../lib/gcc/avr/4.3.3/avr5\libgcc.a(_gt_sf.o)
                0x00000884                __gtsf2
 .text          0x000008e4       0x60 c:/winavr-20100110/bin/../lib/gcc/avr/4.3.3/avr5\libgcc.a(_ge_sf.o)
                0x000008e4                __gesf2
 .text          0x00000944       0x60 c:/winavr-20100110/bin/../lib/gcc/avr/4.3.3/avr5\libgcc.a(_lt_sf.o)
                0x00000944                __ltsf2
 .text          0x000009a4       0xbc c:/winavr-20100110/bin/../lib/gcc/avr/4.3.3/avr5\libgcc.a(_si_to_sf.o)
                0x000009a4                __floatsisf
 .text          0x00000a60       0xa8 c:/winavr-20100110/bin/../lib/gcc/avr/4.3.3/avr5\libgcc.a(_sf_to_si.o)
                0x00000a60                __fixsfsi
 .text          0x00000b08        0x0 c:/winavr-20100110/bin/../lib/gcc/avr/4.3.3/avr5\libgcc.a(_thenan_sf.o)
 .text          0x00000b08       0xf2 c:/winavr-20100110/bin/../lib/gcc/avr/4.3.3/avr5\libgcc.a(_usi_to_sf.o)
                0x00000b08                __floatunsisf
 .text          0x00000bfa        0x0 c:/winavr-20100110/bin/../lib/gcc/avr/4.3.3/avr5\libgcc.a(_prologue.o)
 .text          0x00000bfa        0x0 c:/winavr-20100110/bin/../lib/gcc/avr/4.3.3/avr5\libgcc.a(_epilogue.o)
 .text          0x00000bfa       0x9e c:/winavr-20100110/bin/../lib/gcc/avr/4.3.3/avr5\libgcc.a(_clzsi2.o)
                0x00000bfa                __clzsi2
 .text          0x00000c98      0x1aa c:/winavr-20100110/bin/../lib/gcc/avr/4.3.3/avr5\libgcc.a(_pack_sf.o)
                0x00000c98                __pack_f
 .text          0x00000e42       0xf0 c:/winavr-20100110/bin/../lib/gcc/avr/4.3.3/avr5\libgcc.a(_unpack_sf.o)
                0x00000e42                __unpack_f
 .text          0x00000f32       0xb2 c:/winavr-20100110/bin/../lib/gcc/avr/4.3.3/avr5\libgcc.a(_fpcmp_parts_sf.o)
                0x00000f32                __fpcmp_parts_f
 .text          0x00000fe4        0x0 c:/winavr-20100110/bin/../lib/gcc/avr/4.3.3/avr5\libgcc.a(_clz.o)
 .text          0x00000fe4        0x0 c:/winavr-20100110/bin/../lib/gcc/avr/4.3.3/../../../../avr/lib/avr5\libc.a(dtostrf.o)
 .text          0x00000fe4        0x0 c:/winavr-20100110/bin/../lib/gcc/avr/4.3.3/../../../../avr/lib/avr5\libc.a(dtoa_prf.o)
 .text          0x00000fe4        0x0 c:/winavr-20100110/bin/../lib/gcc/avr/4.3.3/../../../../avr/lib/avr5\libc.a(ftoa_engine.o)
                0x00000fe4                . = ALIGN (0x2)
 *(.text.*)
 .text.M_UART_Void_UARTWriteCharacter
                0x00000fe4       0x2e ./MCAL/UART/UART_Prog.o
                0x00000fe4                M_UART_Void_UARTWriteCharacter
 .text.M_UART_U8_UARTReadCharacter
                0x00001012        0xe ./MCAL/UART/UART_Prog.o
                0x00001012                M_UART_U8_UARTReadCharacter
 .text.M_UART_Void_UARTInit
                0x00001020       0x4e ./MCAL/UART/UART_Prog.o
                0x00001020                M_UART_Void_UARTInit
 .text.M_Timer_Void_TimerInit
                0x0000106e       0x1c ./MCAL/Timer/Timer_Prog.o
                0x0000106e                M_Timer_Void_TimerInit
 .text.M_Timer_Void_Timer2_Init
                0x0000108a       0x1c ./MCAL/Timer/Timer_Prog.o
                0x0000108a                M_Timer_Void_Timer2_Init
 .text.M_Timer_Void_Timer2_SetTime
                0x000010a6       0x5e ./MCAL/Timer/Timer_Prog.o
                0x000010a6                M_Timer_Void_Timer2_SetTime
 .text.M_Timer_Void_TimerStart2
                0x00001104       0x18 ./MCAL/Timer/Timer_Prog.o
                0x00001104                M_Timer_Void_TimerStart2
 .text.M_Timer_Void_TimerStop2
                0x0000111c       0x18 ./MCAL/Timer/Timer_Prog.o
                0x0000111c                M_Timer_Void_TimerStop2
 .text.M_Timer_Void_TimerSetTime
                0x00001134       0x5e ./MCAL/Timer/Timer_Prog.o
                0x00001134                M_Timer_Void_TimerSetTime
 .text.M_Timer_Void_TimerStart
                0x00001192       0x3a ./MCAL/Timer/Timer_Prog.o
                0x00001192                M_Timer_Void_TimerStart
 .text.M_Timer_Void_TimerStop
                0x000011cc       0x3a ./MCAL/Timer/Timer_Prog.o
                0x000011cc                M_Timer_Void_TimerStop
 .text.M_Timer_Void_PWMSetDutyCycle
                0x00001206       0x4e ./MCAL/Timer/Timer_Prog.o
                0x00001206                M_Timer_Void_PWMSetDutyCycle
 .text.M_Timer_Void_PWMStart
                0x00001254        0x6 ./MCAL/Timer/Timer_Prog.o
                0x00001254                M_Timer_Void_PWMStart
 .text.M_Timer_Void_PWMStop
                0x0000125a        0x6 ./MCAL/Timer/Timer_Prog.o
                0x0000125a                M_Timer_Void_PWMStop
 .text.M_Timer_Void_SetCallBack
                0x00001260        0xa ./MCAL/Timer/Timer_Prog.o
                0x00001260                M_Timer_Void_SetCallBack
 .text.M_Timer_Void_SetCallBack2
                0x0000126a        0xa ./MCAL/Timer/Timer_Prog.o
                0x0000126a                M_Timer_Void_SetCallBack2
 .text.__vector_11
                0x00001274       0xa6 ./MCAL/Timer/Timer_Prog.o
                0x00001274                __vector_11
 .text.__vector_5
                0x0000131a       0xa6 ./MCAL/Timer/Timer_Prog.o
                0x0000131a                __vector_5
 .text.M_Timer_Void_PWMInit
                0x000013c0       0x62 ./MCAL/Timer/Timer_Prog.o
                0x000013c0                M_Timer_Void_PWMInit
 .text.UtralSonic_RISING_edge
                0x00001422       0x3c ./MCAL/ICU/ICU_Prog.o
                0x00001422                UtralSonic_RISING_edge
 .text.UtralSonic_FAILING_edge
                0x0000145e       0x38 ./MCAL/ICU/ICU_Prog.o
                0x0000145e                UtralSonic_FAILING_edge
 .text.Ultra_get_dis
                0x00001496       0x3e ./MCAL/ICU/ICU_Prog.o
                0x00001496                Ultra_get_dis
 .text.UtralSonic_trig
                0x000014d4       0x18 ./MCAL/ICU/ICU_Prog.o
                0x000014d4                UtralSonic_trig
 .text.Icu_init
                0x000014ec       0x20 ./MCAL/ICU/ICU_Prog.o
                0x000014ec                Icu_init
 .text.M_I2C_Void_I2CInit
                0x0000150c       0x10 ./MCAL/I2C/I2C_Prog.o
                0x0000150c                M_I2C_Void_I2CInit
 .text.M_I2C_Void_StartCondition
                0x0000151c       0x24 ./MCAL/I2C/I2C_Prog.o
                0x0000151c                M_I2C_Void_StartCondition
 .text.M_I2C_Void_StopCondition
                0x00001540       0x12 ./MCAL/I2C/I2C_Prog.o
                0x00001540                M_I2C_Void_StopCondition
 .text.M_I2C_Void_RepeatedStart
                0x00001552       0x24 ./MCAL/I2C/I2C_Prog.o
                0x00001552                M_I2C_Void_RepeatedStart
 .text.M_I2C_Void_SendSlaveAddressWrite
                0x00001576       0x22 ./MCAL/I2C/I2C_Prog.o
                0x00001576                M_I2C_Void_SendSlaveAddressWrite
 .text.M_I2C_Void_SendSlaveAddressRead
                0x00001598       0x2a ./MCAL/I2C/I2C_Prog.o
                0x00001598                M_I2C_Void_SendSlaveAddressRead
 .text.M_I2C_Void_SendByte
                0x000015c2       0x26 ./MCAL/I2C/I2C_Prog.o
                0x000015c2                M_I2C_Void_SendByte
 .text.M_I2C_U8_ReadByte
                0x000015e8       0x1a ./MCAL/I2C/I2C_Prog.o
                0x000015e8                M_I2C_U8_ReadByte
 .text.M_GIE_Void_GlobalInterruptEnable
                0x00001602        0xc ./MCAL/GIE/GIE_Prog.o
                0x00001602                M_GIE_Void_GlobalInterruptEnable
 .text.M_GIE_Void_GlobalInterruptDisable
                0x0000160e        0xc ./MCAL/GIE/GIE_Prog.o
                0x0000160e                M_GIE_Void_GlobalInterruptDisable
 .text.M_DIO_Void_SetPinDirection
                0x0000161a      0x12a ./MCAL/DIO/DIO_Prog.o
                0x0000161a                M_DIO_Void_SetPinDirection
 .text.M_DIO_Void_SetPinValue
                0x00001744      0x12a ./MCAL/DIO/DIO_Prog.o
                0x00001744                M_DIO_Void_SetPinValue
 .text.M_DIO_Void_GetPinValue
                0x0000186e       0x72 ./MCAL/DIO/DIO_Prog.o
                0x0000186e                M_DIO_Void_GetPinValue
 .text.M_DIO_Void_TogPin
                0x000018e0       0x90 ./MCAL/DIO/DIO_Prog.o
                0x000018e0                M_DIO_Void_TogPin
 .text.M_DIO_Void_SetPinPullUpRes
                0x00001970      0x12a ./MCAL/DIO/DIO_Prog.o
                0x00001970                M_DIO_Void_SetPinPullUpRes
 .text.ADC_NEW_init
                0x00001a9a       0x34 ./MCAL/ADC_NEW_config/ADC_NEW_PROG.o
                0x00001a9a                ADC_NEW_init
 .text.ADC_NEW_read
                0x00001ace       0x32 ./MCAL/ADC_NEW_config/ADC_NEW_PROG.o
                0x00001ace                ADC_NEW_read
 .text.M_ADC_Void_ADCInit
                0x00001b00       0x40 ./MCAL/ADC/ADC_Prog.o
                0x00001b00                M_ADC_Void_ADCInit
 .text.M_ADC_Void_ADCRead
                0x00001b40       0x40 ./MCAL/ADC/ADC_Prog.o
                0x00001b40                M_ADC_Void_ADCRead
 .text.H_WIFI_U8_WIFIRead
                0x00001b80        0x6 ./HAL/WIFI/WIFI_Prog.o
                0x00001b80                H_WIFI_U8_WIFIRead
 .text.H_WIFI_Void_WIFIWriteString
                0x00001b86       0x2a ./HAL/WIFI/WIFI_Prog.o
                0x00001b86                H_WIFI_Void_WIFIWriteString
 .text.H_WIFI_Void_WIFIWriteCharacter
                0x00001bb0        0x6 ./HAL/WIFI/WIFI_Prog.o
                0x00001bb0                H_WIFI_Void_WIFIWriteCharacter
 .text.H_WIFI_Void_WIFIInit
                0x00001bb6        0x6 ./HAL/WIFI/WIFI_Prog.o
                0x00001bb6                H_WIFI_Void_WIFIInit
 .text.H_SSD_Void_SSDDisplay
                0x00001bbc      0x24c ./HAL/SSD/SSD_Prog.o
                0x00001bbc                H_SSD_Void_SSDDisplay
 .text.H_SSD_Void_SSDInit
                0x00001e08       0x62 ./HAL/SSD/SSD_Prog.o
                0x00001e08                H_SSD_Void_SSDInit
 .text.H_PushButton_U8_PushButtonRead
                0x00001e6a       0xb0 ./HAL/PushButton/PushButton_Prog.o
                0x00001e6a                H_PushButton_U8_PushButtonRead
 .text.H_PushButton_Void_PushButtonInit
                0x00001f1a       0x3a ./HAL/PushButton/PushButton_Prog.o
                0x00001f1a                H_PushButton_Void_PushButtonInit
 .text.H_LED_Void_LedTog
                0x00001f54       0x38 ./HAL/LED/LED_Prog.o
                0x00001f54                H_LED_Void_LedTog
 .text.H_LED_Void_LedBlink
                0x00001f8c       0xca ./HAL/LED/LED_Prog.o
                0x00001f8c                H_LED_Void_LedBlink
 .text.H_LED_Void_LedOff
                0x00002056       0x40 ./HAL/LED/LED_Prog.o
                0x00002056                H_LED_Void_LedOff
 .text.H_LED_Void_LedOn
                0x00002096       0x40 ./HAL/LED/LED_Prog.o
                0x00002096                H_LED_Void_LedOn
 .text.H_LED_Void_LedInit
                0x000020d6       0x40 ./HAL/LED/LED_Prog.o
                0x000020d6                H_LED_Void_LedInit
 .text.H_Lcd_Void_LCDWriteCommand
                0x00002116       0xce ./HAL/LCD/LCD_Prog.o
                0x00002116                H_Lcd_Void_LCDWriteCommand
 .text.H_Lcd_Void_LCDGoTo
                0x000021e4       0x38 ./HAL/LCD/LCD_Prog.o
                0x000021e4                H_Lcd_Void_LCDGoTo
 .text.H_Lcd_Void_LCDClear
                0x0000221c        0x8 ./HAL/LCD/LCD_Prog.o
                0x0000221c                H_Lcd_Void_LCDClear
 .text.H_Lcd_Void_LCDWriteCharacter
                0x00002224       0xce ./HAL/LCD/LCD_Prog.o
                0x00002224                H_Lcd_Void_LCDWriteCharacter
 .text.H_Lcd_Void_LCDWriteNumber
                0x000022f2       0xea ./HAL/LCD/LCD_Prog.o
                0x000022f2                H_Lcd_Void_LCDWriteNumber
 .text.H_Lcd_Void_LCDWriteString
                0x000023dc       0x2a ./HAL/LCD/LCD_Prog.o
                0x000023dc                H_Lcd_Void_LCDWriteString
 .text.H_Lcd_Void_LCDInit
                0x00002406       0x56 ./HAL/LCD/LCD_Prog.o
                0x00002406                H_Lcd_Void_LCDInit
 .text.H_KeyPad_U8_KeyPadRead
                0x0000245c      0x144 ./HAL/Keypad/Keypad_Prog.o
                0x0000245c                H_KeyPad_U8_KeyPadRead
 .text.H_KeyPad_Void_KeyPadInit
                0x000025a0       0x62 ./HAL/Keypad/Keypad_Prog.o
                0x000025a0                H_KeyPad_Void_KeyPadInit
 .text.H_EEPROM_U8_EEPROMRead
                0x00002602       0x36 ./HAL/EEPROM/EEPROM_Prog.o
                0x00002602                H_EEPROM_U8_EEPROMRead
 .text.H_EEPROM_Void_EEPROMWrite
                0x00002638       0x30 ./HAL/EEPROM/EEPROM_Prog.o
                0x00002638                H_EEPROM_Void_EEPROMWrite
 .text.H_EEPROM_Void_EEPROMInit
                0x00002668       0x1a ./HAL/EEPROM/EEPROM_Prog.o
                0x00002668                H_EEPROM_Void_EEPROMInit
 .text.H_Buzzer_Void_BuzzerTwice
                0x00002682       0x42 ./HAL/Buzzer/Buzzer_Prog.o
                0x00002682                H_Buzzer_Void_BuzzerTwice
 .text.H_Buzzer_Void_BuzzerOnce
                0x000026c4       0x1a ./HAL/Buzzer/Buzzer_Prog.o
                0x000026c4                H_Buzzer_Void_BuzzerOnce
 .text.H_Buzzer_Void_BuzzerOff
                0x000026de        0xa ./HAL/Buzzer/Buzzer_Prog.o
                0x000026de                H_Buzzer_Void_BuzzerOff
 .text.H_Buzzer_Void_BuzzerOn
                0x000026e8        0xa ./HAL/Buzzer/Buzzer_Prog.o
                0x000026e8                H_Buzzer_Void_BuzzerOn
 .text.H_Buzzer_Void_BuzzerTog
                0x000026f2        0x8 ./HAL/Buzzer/Buzzer_Prog.o
                0x000026f2                H_Buzzer_Void_BuzzerTog
 .text.H_Buzzer_Void_BuzzerInit
                0x000026fa        0xa ./HAL/Buzzer/Buzzer_Prog.o
                0x000026fa                H_Buzzer_Void_BuzzerInit
 .text.UART_init
                0x00002704       0x1c ./APP/Projects/M_USART_NEW_Prog.o
                0x00002704                UART_init
 .text.UART_RxChar
                0x00002720       0x24 ./APP/Projects/M_USART_NEW_Prog.o
                0x00002720                UART_RxChar
 .text.UART_TxChar
                0x00002744       0x10 ./APP/Projects/M_USART_NEW_Prog.o
                0x00002744                UART_TxChar
 .text.UART_SendString
                0x00002754       0x2a ./APP/Projects/M_USART_NEW_Prog.o
                0x00002754                UART_SendString
 .text.__vector_9
                0x0000277e       0x2e ./APP/Projects/main.o
                0x0000277e                __vector_9
 .text.main     0x000027ac      0x6e0 ./APP/Projects/main.o
                0x000027ac                main
 .text.test_timer
                0x00002e8c       0x60 ./APP/Projects/main.o
                0x00002e8c                test_timer
 .text.libgcc   0x00002eec       0x3e c:/winavr-20100110/bin/../lib/gcc/avr/4.3.3/avr5\libgcc.a(_mulsi3.o)
                0x00002eec                __mulsi3
 .text.libgcc   0x00002f2a       0x18 c:/winavr-20100110/bin/../lib/gcc/avr/4.3.3/avr5\libgcc.a(_udivmodqi4.o)
                0x00002f2a                __udivmodqi4
 .text.libgcc   0x00002f42       0x44 c:/winavr-20100110/bin/../lib/gcc/avr/4.3.3/avr5\libgcc.a(_udivmodsi4.o)
                0x00002f42                __udivmodsi4
 .text.libgcc   0x00002f86       0x36 c:/winavr-20100110/bin/../lib/gcc/avr/4.3.3/avr5\libgcc.a(_divmodsi4.o)
                0x00002f86                __divmodsi4
 .text.libgcc   0x00002fbc        0x0 c:/winavr-20100110/bin/../lib/gcc/avr/4.3.3/avr5\libgcc.a(_exit.o)
 .text.libgcc   0x00002fbc        0x0 c:/winavr-20100110/bin/../lib/gcc/avr/4.3.3/avr5\libgcc.a(_copy_data.o)
 .text.libgcc   0x00002fbc        0x0 c:/winavr-20100110/bin/../lib/gcc/avr/4.3.3/avr5\libgcc.a(_clear_bss.o)
 .text.libgcc   0x00002fbc       0x38 c:/winavr-20100110/bin/../lib/gcc/avr/4.3.3/avr5\libgcc.a(_prologue.o)
                0x00002fbc                __prologue_saves__
 .text.libgcc   0x00002ff4       0x36 c:/winavr-20100110/bin/../lib/gcc/avr/4.3.3/avr5\libgcc.a(_epilogue.o)
                0x00002ff4                __epilogue_restores__
 .text.avr-libc
                0x0000302a       0x42 c:/winavr-20100110/bin/../lib/gcc/avr/4.3.3/../../../../avr/lib/avr5\libc.a(dtostrf.o)
                0x0000302a                dtostrf
 .text.avr-libc
                0x0000306c      0x2c4 c:/winavr-20100110/bin/../lib/gcc/avr/4.3.3/../../../../avr/lib/avr5\libc.a(dtoa_prf.o)
                0x0000306c                dtoa_prf
 .text.avr-libc
                0x00003330      0x1b0 c:/winavr-20100110/bin/../lib/gcc/avr/4.3.3/../../../../avr/lib/avr5\libc.a(ftoa_engine.o)
                0x00003330                __ftoa_engine
                0x000034e0                . = ALIGN (0x2)
 *(.fini9)
 .fini9         0x000034e0        0x0 c:/winavr-20100110/bin/../lib/gcc/avr/4.3.3/avr5\libgcc.a(_exit.o)
                0x000034e0                exit
                0x000034e0                _exit
 *(.fini9)
 *(.fini8)
 *(.fini8)
 *(.fini7)
 *(.fini7)
 *(.fini6)
 *(.fini6)
 *(.fini5)
 *(.fini5)
 *(.fini4)
 *(.fini4)
 *(.fini3)
 *(.fini3)
 *(.fini2)
 *(.fini2)
 *(.fini1)
 *(.fini1)
 *(.fini0)
 .fini0         0x000034e0        0x4 c:/winavr-20100110/bin/../lib/gcc/avr/4.3.3/avr5\libgcc.a(_exit.o)
 *(.fini0)
                0x000034e4                _etext = .

.data           0x00800060      0x19a load address 0x000034e4
                0x00800060                PROVIDE (__data_start, .)
 *(.data)
 .data          0x00800060        0x0 c:/winavr-20100110/bin/../lib/gcc/avr/4.3.3/../../../../avr/lib/avr5/crtm32.o
 .data          0x00800060        0x0 ./MCAL/WDT/WDT_Prog.o
 .data          0x00800060        0x0 ./MCAL/UART/UART_Prog.o
 .data          0x00800060        0x0 ./MCAL/Timer/Timer_Prog.o
 .data          0x00800060        0x0 ./MCAL/ICU/ICU_Prog.o
 .data          0x00800060        0x0 ./MCAL/I2C/I2C_Prog.o
 .data          0x00800060        0x0 ./MCAL/GIE/GIE_Prog.o
 .data          0x00800060        0x0 ./MCAL/EXINT/EXINT_Prog.o
 .data          0x00800060        0x0 ./MCAL/DIO/DIO_Prog.o
 .data          0x00800060        0x0 ./MCAL/ADC_NEW_config/ADC_NEW_PROG.o
 .data          0x00800060        0x0 ./MCAL/ADC/ADC_Prog.o
 .data          0x00800060        0x0 ./HAL/WIFI/WIFI_Prog.o
 .data          0x00800060        0x0 ./HAL/SSD/SSD_Prog.o
 .data          0x00800060        0x0 ./HAL/Relay/Relay_Prog.o
 .data          0x00800060        0x0 ./HAL/PushButton/PushButton_Prog.o
 .data          0x00800060        0x0 ./HAL/LED/LED_Prog.o
 .data          0x00800060        0x0 ./HAL/LDR/LDR_Prog.o
 .data          0x00800060        0x0 ./HAL/LCD/LCD_Prog.o
 .data          0x00800060        0x0 ./HAL/Keypad/Keypad_Prog.o
 .data          0x00800060        0x0 ./HAL/EEPROM/EEPROM_Prog.o
 .data          0x00800060        0x0 ./HAL/Buzzer/Buzzer_Prog.o
 .data          0x00800060        0x0 ./APP/Projects/M_USART_NEW_Prog.o
 .data          0x00800060       0x7e ./APP/Projects/main.o
 .data          0x008000de        0x0 c:/winavr-20100110/bin/../lib/gcc/avr/4.3.3/avr5\libgcc.a(_mulsi3.o)
 .data          0x008000de        0x0 c:/winavr-20100110/bin/../lib/gcc/avr/4.3.3/avr5\libgcc.a(_udivmodqi4.o)
 .data          0x008000de        0x0 c:/winavr-20100110/bin/../lib/gcc/avr/4.3.3/avr5\libgcc.a(_udivmodsi4.o)
 .data          0x008000de        0x0 c:/winavr-20100110/bin/../lib/gcc/avr/4.3.3/avr5\libgcc.a(_divmodsi4.o)
 .data          0x008000de        0x0 c:/winavr-20100110/bin/../lib/gcc/avr/4.3.3/avr5\libgcc.a(_exit.o)
 .data          0x008000de        0x0 c:/winavr-20100110/bin/../lib/gcc/avr/4.3.3/avr5\libgcc.a(_copy_data.o)
 .data          0x008000de        0x0 c:/winavr-20100110/bin/../lib/gcc/avr/4.3.3/avr5\libgcc.a(_clear_bss.o)
 .data          0x008000de        0x0 c:/winavr-20100110/bin/../lib/gcc/avr/4.3.3/avr5\libgcc.a(_fixunssfsi.o)
 .data          0x008000de        0x0 c:/winavr-20100110/bin/../lib/gcc/avr/4.3.3/avr5\libgcc.a(_addsub_sf.o)
 .data          0x008000de        0x0 c:/winavr-20100110/bin/../lib/gcc/avr/4.3.3/avr5\libgcc.a(_mul_sf.o)
 .data          0x008000de        0x0 c:/winavr-20100110/bin/../lib/gcc/avr/4.3.3/avr5\libgcc.a(_div_sf.o)
 .data          0x008000de        0x0 c:/winavr-20100110/bin/../lib/gcc/avr/4.3.3/avr5\libgcc.a(_gt_sf.o)
 .data          0x008000de        0x0 c:/winavr-20100110/bin/../lib/gcc/avr/4.3.3/avr5\libgcc.a(_ge_sf.o)
 .data          0x008000de        0x0 c:/winavr-20100110/bin/../lib/gcc/avr/4.3.3/avr5\libgcc.a(_lt_sf.o)
 .data          0x008000de        0x0 c:/winavr-20100110/bin/../lib/gcc/avr/4.3.3/avr5\libgcc.a(_si_to_sf.o)
 .data          0x008000de        0x0 c:/winavr-20100110/bin/../lib/gcc/avr/4.3.3/avr5\libgcc.a(_sf_to_si.o)
 .data          0x008000de        0x8 c:/winavr-20100110/bin/../lib/gcc/avr/4.3.3/avr5\libgcc.a(_thenan_sf.o)
                0x008000de                __thenan_sf
 .data          0x008000e6        0x0 c:/winavr-20100110/bin/../lib/gcc/avr/4.3.3/avr5\libgcc.a(_usi_to_sf.o)
 .data          0x008000e6        0x0 c:/winavr-20100110/bin/../lib/gcc/avr/4.3.3/avr5\libgcc.a(_prologue.o)
 .data          0x008000e6        0x0 c:/winavr-20100110/bin/../lib/gcc/avr/4.3.3/avr5\libgcc.a(_epilogue.o)
 .data          0x008000e6        0x0 c:/winavr-20100110/bin/../lib/gcc/avr/4.3.3/avr5\libgcc.a(_clzsi2.o)
 .data          0x008000e6        0x0 c:/winavr-20100110/bin/../lib/gcc/avr/4.3.3/avr5\libgcc.a(_pack_sf.o)
 .data          0x008000e6        0x0 c:/winavr-20100110/bin/../lib/gcc/avr/4.3.3/avr5\libgcc.a(_unpack_sf.o)
 .data          0x008000e6        0x0 c:/winavr-20100110/bin/../lib/gcc/avr/4.3.3/avr5\libgcc.a(_fpcmp_parts_sf.o)
 .data          0x008000e6      0x100 c:/winavr-20100110/bin/../lib/gcc/avr/4.3.3/avr5\libgcc.a(_clz.o)
                0x008000e6                __clz_tab
 .data          0x008001e6        0x0 c:/winavr-20100110/bin/../lib/gcc/avr/4.3.3/../../../../avr/lib/avr5\libc.a(dtostrf.o)
 .data          0x008001e6        0x0 c:/winavr-20100110/bin/../lib/gcc/avr/4.3.3/../../../../avr/lib/avr5\libc.a(dtoa_prf.o)
 .data          0x008001e6        0x0 c:/winavr-20100110/bin/../lib/gcc/avr/4.3.3/../../../../avr/lib/avr5\libc.a(ftoa_engine.o)
 *(.data*)
 .data.Pu_3_return_u8
                0x008001e6        0x1 ./APP/Projects/main.o
                0x008001e6                Pu_3_return_u8
 .data.Pu_0_return_u8
                0x008001e7        0x1 ./APP/Projects/main.o
                0x008001e7                Pu_0_return_u8
 .data.Pu_2_return_u8
                0x008001e8        0x1 ./APP/Projects/main.o
                0x008001e8                Pu_2_return_u8
 *(.rodata)
 *(.rodata*)
 .rodata.C.0.1282
                0x008001e9       0x10 ./HAL/Keypad/Keypad_Prog.o
 *(.gnu.linkonce.d*)
                0x008001fa                . = ALIGN (0x2)
 *fill*         0x008001f9        0x1 00
                0x008001fa                _edata = .
                0x008001fa                PROVIDE (__data_end, .)

.bss            0x008001fa       0x52
                0x008001fa                PROVIDE (__bss_start, .)
 *(.bss)
 .bss           0x008001fa        0x0 c:/winavr-20100110/bin/../lib/gcc/avr/4.3.3/../../../../avr/lib/avr5/crtm32.o
 .bss           0x008001fa        0x0 ./MCAL/WDT/WDT_Prog.o
 .bss           0x008001fa        0x0 ./MCAL/UART/UART_Prog.o
 .bss           0x008001fa        0x0 ./MCAL/Timer/Timer_Prog.o
 .bss           0x008001fa        0x0 ./MCAL/ICU/ICU_Prog.o
 .bss           0x008001fa        0x0 ./MCAL/I2C/I2C_Prog.o
 .bss           0x008001fa        0x0 ./MCAL/GIE/GIE_Prog.o
 .bss           0x008001fa        0x0 ./MCAL/EXINT/EXINT_Prog.o
 .bss           0x008001fa        0x0 ./MCAL/DIO/DIO_Prog.o
 .bss           0x008001fa        0x0 ./MCAL/ADC_NEW_config/ADC_NEW_PROG.o
 .bss           0x008001fa        0x0 ./MCAL/ADC/ADC_Prog.o
 .bss           0x008001fa        0x0 ./HAL/WIFI/WIFI_Prog.o
 .bss           0x008001fa        0x0 ./HAL/SSD/SSD_Prog.o
 .bss           0x008001fa        0x0 ./HAL/Relay/Relay_Prog.o
 .bss           0x008001fa        0x0 ./HAL/PushButton/PushButton_Prog.o
 .bss           0x008001fa        0x0 ./HAL/LED/LED_Prog.o
 .bss           0x008001fa        0x0 ./HAL/LDR/LDR_Prog.o
 .bss           0x008001fa        0x0 ./HAL/LCD/LCD_Prog.o
 .bss           0x008001fa        0x0 ./HAL/Keypad/Keypad_Prog.o
 .bss           0x008001fa        0x0 ./HAL/EEPROM/EEPROM_Prog.o
 .bss           0x008001fa        0x0 ./HAL/Buzzer/Buzzer_Prog.o
 .bss           0x008001fa        0x0 ./APP/Projects/M_USART_NEW_Prog.o
 .bss           0x008001fa        0x0 ./APP/Projects/main.o
 .bss           0x008001fa        0x0 c:/winavr-20100110/bin/../lib/gcc/avr/4.3.3/avr5\libgcc.a(_mulsi3.o)
 .bss           0x008001fa        0x0 c:/winavr-20100110/bin/../lib/gcc/avr/4.3.3/avr5\libgcc.a(_udivmodqi4.o)
 .bss           0x008001fa        0x0 c:/winavr-20100110/bin/../lib/gcc/avr/4.3.3/avr5\libgcc.a(_udivmodsi4.o)
 .bss           0x008001fa        0x0 c:/winavr-20100110/bin/../lib/gcc/avr/4.3.3/avr5\libgcc.a(_divmodsi4.o)
 .bss           0x008001fa        0x0 c:/winavr-20100110/bin/../lib/gcc/avr/4.3.3/avr5\libgcc.a(_exit.o)
 .bss           0x008001fa        0x0 c:/winavr-20100110/bin/../lib/gcc/avr/4.3.3/avr5\libgcc.a(_copy_data.o)
 .bss           0x008001fa        0x0 c:/winavr-20100110/bin/../lib/gcc/avr/4.3.3/avr5\libgcc.a(_clear_bss.o)
 .bss           0x008001fa        0x0 c:/winavr-20100110/bin/../lib/gcc/avr/4.3.3/avr5\libgcc.a(_fixunssfsi.o)
 .bss           0x008001fa        0x0 c:/winavr-20100110/bin/../lib/gcc/avr/4.3.3/avr5\libgcc.a(_addsub_sf.o)
 .bss           0x008001fa        0x0 c:/winavr-20100110/bin/../lib/gcc/avr/4.3.3/avr5\libgcc.a(_mul_sf.o)
 .bss           0x008001fa        0x0 c:/winavr-20100110/bin/../lib/gcc/avr/4.3.3/avr5\libgcc.a(_div_sf.o)
 .bss           0x008001fa        0x0 c:/winavr-20100110/bin/../lib/gcc/avr/4.3.3/avr5\libgcc.a(_gt_sf.o)
 .bss           0x008001fa        0x0 c:/winavr-20100110/bin/../lib/gcc/avr/4.3.3/avr5\libgcc.a(_ge_sf.o)
 .bss           0x008001fa        0x0 c:/winavr-20100110/bin/../lib/gcc/avr/4.3.3/avr5\libgcc.a(_lt_sf.o)
 .bss           0x008001fa        0x0 c:/winavr-20100110/bin/../lib/gcc/avr/4.3.3/avr5\libgcc.a(_si_to_sf.o)
 .bss           0x008001fa        0x0 c:/winavr-20100110/bin/../lib/gcc/avr/4.3.3/avr5\libgcc.a(_sf_to_si.o)
 .bss           0x008001fa        0x0 c:/winavr-20100110/bin/../lib/gcc/avr/4.3.3/avr5\libgcc.a(_thenan_sf.o)
 .bss           0x008001fa        0x0 c:/winavr-20100110/bin/../lib/gcc/avr/4.3.3/avr5\libgcc.a(_usi_to_sf.o)
 .bss           0x008001fa        0x0 c:/winavr-20100110/bin/../lib/gcc/avr/4.3.3/avr5\libgcc.a(_prologue.o)
 .bss           0x008001fa        0x0 c:/winavr-20100110/bin/../lib/gcc/avr/4.3.3/avr5\libgcc.a(_epilogue.o)
 .bss           0x008001fa        0x0 c:/winavr-20100110/bin/../lib/gcc/avr/4.3.3/avr5\libgcc.a(_clzsi2.o)
 .bss           0x008001fa        0x0 c:/winavr-20100110/bin/../lib/gcc/avr/4.3.3/avr5\libgcc.a(_pack_sf.o)
 .bss           0x008001fa        0x0 c:/winavr-20100110/bin/../lib/gcc/avr/4.3.3/avr5\libgcc.a(_unpack_sf.o)
 .bss           0x008001fa        0x0 c:/winavr-20100110/bin/../lib/gcc/avr/4.3.3/avr5\libgcc.a(_fpcmp_parts_sf.o)
 .bss           0x008001fa        0x0 c:/winavr-20100110/bin/../lib/gcc/avr/4.3.3/avr5\libgcc.a(_clz.o)
 .bss           0x008001fa        0x0 c:/winavr-20100110/bin/../lib/gcc/avr/4.3.3/../../../../avr/lib/avr5\libc.a(dtostrf.o)
 .bss           0x008001fa        0x0 c:/winavr-20100110/bin/../lib/gcc/avr/4.3.3/../../../../avr/lib/avr5\libc.a(dtoa_prf.o)
 .bss           0x008001fa        0x0 c:/winavr-20100110/bin/../lib/gcc/avr/4.3.3/../../../../avr/lib/avr5\libc.a(ftoa_engine.o)
 *(.bss*)
 .bss.Timer_U32_NumOfOV
                0x008001fa        0x4 ./MCAL/Timer/Timer_Prog.o
                0x008001fa                Timer_U32_NumOfOV
 .bss.Timer_U32_NumOfCM
                0x008001fe        0x4 ./MCAL/Timer/Timer_Prog.o
                0x008001fe                Timer_U32_NumOfCM
 .bss.Timer_U8_RemTicks
                0x00800202        0x1 ./MCAL/Timer/Timer_Prog.o
                0x00800202                Timer_U8_RemTicks
 .bss.Timer_U32_NumOfOV2
                0x00800203        0x4 ./MCAL/Timer/Timer_Prog.o
                0x00800203                Timer_U32_NumOfOV2
 .bss.Timer_U32_NumOfCM2
                0x00800207        0x4 ./MCAL/Timer/Timer_Prog.o
                0x00800207                Timer_U32_NumOfCM2
 .bss.Timer_U8_RemTicks2
                0x0080020b        0x1 ./MCAL/Timer/Timer_Prog.o
                0x0080020b                Timer_U8_RemTicks2
 .bss.Local_U32_Counter.1466
                0x0080020c        0x4 ./MCAL/Timer/Timer_Prog.o
 .bss.Local_U32_Counter.1453
                0x00800210        0x4 ./MCAL/Timer/Timer_Prog.o
 .bss.error_flag_falling
                0x00800214        0x4 ./APP/Projects/main.o
                0x00800214                error_flag_falling
 .bss.error_flag_rising
                0x00800218        0x4 ./APP/Projects/main.o
                0x00800218                error_flag_rising
 .bss.fail_flag
                0x0080021c        0x1 ./APP/Projects/main.o
                0x0080021c                fail_flag
 .bss.CPS_SYS_STAT
                0x0080021d        0x1 ./APP/Projects/main.o
                0x0080021d                CPS_SYS_STAT
 .bss.TimerOverflow
                0x0080021e        0x2 ./APP/Projects/main.o
                0x0080021e                TimerOverflow
 .bss.LDR_read  0x00800220        0x2 ./APP/Projects/main.o
                0x00800220                LDR_read
 .bss.GAS_STAT  0x00800222        0x1 ./APP/Projects/main.o
                0x00800222                GAS_STAT
 .bss.flag      0x00800223        0x1 ./APP/Projects/main.o
                0x00800223                flag
 .bss.sys_state
                0x00800224        0x1 ./APP/Projects/main.o
                0x00800224                sys_state
 .bss.waiting_state
                0x00800225        0x1 ./APP/Projects/main.o
                0x00800225                waiting_state
 .bss.i         0x00800226        0x1 ./APP/Projects/main.o
                0x00800226                i
 .bss.pressCounter
                0x00800227        0x1 ./APP/Projects/main.o
                0x00800227                pressCounter
 .bss.buttonPressed
                0x00800228        0x1 ./APP/Projects/main.o
                0x00800228                buttonPressed
 .bss.LDR       0x00800229        0x1 ./APP/Projects/main.o
                0x00800229                LDR
 .bss.Uart_dataRead
                0x0080022a        0x1 ./APP/Projects/main.o
                0x0080022a                Uart_dataRead
 *(COMMON)
 COMMON         0x0080022b        0x4 ./MCAL/Timer/Timer_Prog.o
                0x0080022b                Timer_CallBack
                0x0080022d                Timer_CallBackk
 COMMON         0x0080022f       0x1d ./APP/Projects/main.o
                0x0080022f                string
                0x00800239                distance
                0x0080023d                local_dis
                0x00800241                local_count
                0x00800245                LDRSHOW
                0x0080024c                PROVIDE (__bss_end, .)
                0x000034e4                __data_load_start = LOADADDR (.data)
                0x0000367e                __data_load_end = (__data_load_start + SIZEOF (.data))

.noinit         0x0080024c        0x0
                0x0080024c                PROVIDE (__noinit_start, .)
 *(.noinit*)
                0x0080024c                PROVIDE (__noinit_end, .)
                0x0080024c                _end = .
                0x0080024c                PROVIDE (__heap_start, .)

.eeprom         0x00810000        0x0
 *(.eeprom*)
                0x00810000                __eeprom_end = .

.fuse
 *(.fuse)
 *(.lfuse)
 *(.hfuse)
 *(.efuse)

.lock
 *(.lock*)

.signature
 *(.signature*)

.stab           0x00000000     0x56f4
 *(.stab)
 .stab          0x00000000       0xe4 ./MCAL/WDT/WDT_Prog.o
 .stab          0x000000e4      0x2d0 ./MCAL/UART/UART_Prog.o
                                0x2dc (size before relaxing)
 .stab          0x000003b4      0x9a8 ./MCAL/Timer/Timer_Prog.o
                                0xa14 (size before relaxing)
 .stab          0x00000d5c      0x378 ./MCAL/ICU/ICU_Prog.o
                                0x588 (size before relaxing)
 .stab          0x000010d4      0x3a8 ./MCAL/I2C/I2C_Prog.o
                                0x414 (size before relaxing)
 .stab          0x0000147c      0x15c ./MCAL/GIE/GIE_Prog.o
                                0x1c8 (size before relaxing)
 .stab          0x000015d8       0xd8 ./MCAL/EXINT/EXINT_Prog.o
                                 0xe4 (size before relaxing)
 .stab          0x000016b0      0x528 ./MCAL/DIO/DIO_Prog.o
                                0x594 (size before relaxing)
 .stab          0x00001bd8      0x210 ./MCAL/ADC_NEW_config/ADC_NEW_PROG.o
                                0x27c (size before relaxing)
 .stab          0x00001de8      0x21c ./MCAL/ADC/ADC_Prog.o
                                0x288 (size before relaxing)
 .stab          0x00002004      0x240 ./HAL/WIFI/WIFI_Prog.o
                                0x2b8 (size before relaxing)
 .stab          0x00002244      0x534 ./HAL/SSD/SSD_Prog.o
                                0x72c (size before relaxing)
 .stab          0x00002778       0xd8 ./HAL/Relay/Relay_Prog.o
                                 0xe4 (size before relaxing)
 .stab          0x00002850      0x2e8 ./HAL/PushButton/PushButton_Prog.o
                                0x4e0 (size before relaxing)
 .stab          0x00002b38      0x600 ./HAL/LED/LED_Prog.o
                                0x7f8 (size before relaxing)
 .stab          0x00003138       0xd8 ./HAL/LDR/LDR_Prog.o
                                 0xe4 (size before relaxing)
 .stab          0x00003210      0x69c ./HAL/LCD/LCD_Prog.o
                                0x894 (size before relaxing)
 .stab          0x000038ac      0x348 ./HAL/Keypad/Keypad_Prog.o
                                0x54c (size before relaxing)
 .stab          0x00003bf4      0x318 ./HAL/EEPROM/EEPROM_Prog.o
                                0x510 (size before relaxing)
 .stab          0x00003f0c      0x300 ./HAL/Buzzer/Buzzer_Prog.o
                                0x4f8 (size before relaxing)
 .stab          0x0000420c      0x2d0 ./APP/Projects/M_USART_NEW_Prog.o
                                0x4ec (size before relaxing)
 .stab          0x000044dc     0x1218 ./APP/Projects/main.o
                               0x1440 (size before relaxing)

.stabstr        0x00000000     0x2256
 *(.stabstr)
 .stabstr       0x00000000     0x2256 ./MCAL/WDT/WDT_Prog.o

.stab.excl
 *(.stab.excl)

.stab.exclstr
 *(.stab.exclstr)

.stab.index
 *(.stab.index)

.stab.indexstr
 *(.stab.indexstr)

.comment
 *(.comment)

.debug
 *(.debug)

.line
 *(.line)

.debug_srcinfo
 *(.debug_srcinfo)

.debug_sfnames
 *(.debug_sfnames)

.debug_aranges  0x00000000      0x1c0
 *(.debug_aranges)
 .debug_aranges
                0x00000000       0x20 c:/winavr-20100110/bin/../lib/gcc/avr/4.3.3/avr5\libgcc.a(_fixunssfsi.o)
 .debug_aranges
                0x00000020       0x20 c:/winavr-20100110/bin/../lib/gcc/avr/4.3.3/avr5\libgcc.a(_addsub_sf.o)
 .debug_aranges
                0x00000040       0x20 c:/winavr-20100110/bin/../lib/gcc/avr/4.3.3/avr5\libgcc.a(_mul_sf.o)
 .debug_aranges
                0x00000060       0x20 c:/winavr-20100110/bin/../lib/gcc/avr/4.3.3/avr5\libgcc.a(_div_sf.o)
 .debug_aranges
                0x00000080       0x20 c:/winavr-20100110/bin/../lib/gcc/avr/4.3.3/avr5\libgcc.a(_gt_sf.o)
 .debug_aranges
                0x000000a0       0x20 c:/winavr-20100110/bin/../lib/gcc/avr/4.3.3/avr5\libgcc.a(_ge_sf.o)
 .debug_aranges
                0x000000c0       0x20 c:/winavr-20100110/bin/../lib/gcc/avr/4.3.3/avr5\libgcc.a(_lt_sf.o)
 .debug_aranges
                0x000000e0       0x20 c:/winavr-20100110/bin/../lib/gcc/avr/4.3.3/avr5\libgcc.a(_si_to_sf.o)
 .debug_aranges
                0x00000100       0x20 c:/winavr-20100110/bin/../lib/gcc/avr/4.3.3/avr5\libgcc.a(_sf_to_si.o)
 .debug_aranges
                0x00000120       0x20 c:/winavr-20100110/bin/../lib/gcc/avr/4.3.3/avr5\libgcc.a(_usi_to_sf.o)
 .debug_aranges
                0x00000140       0x20 c:/winavr-20100110/bin/../lib/gcc/avr/4.3.3/avr5\libgcc.a(_clzsi2.o)
 .debug_aranges
                0x00000160       0x20 c:/winavr-20100110/bin/../lib/gcc/avr/4.3.3/avr5\libgcc.a(_pack_sf.o)
 .debug_aranges
                0x00000180       0x20 c:/winavr-20100110/bin/../lib/gcc/avr/4.3.3/avr5\libgcc.a(_unpack_sf.o)
 .debug_aranges
                0x000001a0       0x20 c:/winavr-20100110/bin/../lib/gcc/avr/4.3.3/avr5\libgcc.a(_fpcmp_parts_sf.o)

.debug_pubnames
                0x00000000      0x214
 *(.debug_pubnames)
 .debug_pubnames
                0x00000000       0x23 c:/winavr-20100110/bin/../lib/gcc/avr/4.3.3/avr5\libgcc.a(_fixunssfsi.o)
 .debug_pubnames
                0x00000023       0x2c c:/winavr-20100110/bin/../lib/gcc/avr/4.3.3/avr5\libgcc.a(_addsub_sf.o)
 .debug_pubnames
                0x0000004f       0x1f c:/winavr-20100110/bin/../lib/gcc/avr/4.3.3/avr5\libgcc.a(_mul_sf.o)
 .debug_pubnames
                0x0000006e       0x1f c:/winavr-20100110/bin/../lib/gcc/avr/4.3.3/avr5\libgcc.a(_div_sf.o)
 .debug_pubnames
                0x0000008d       0x1e c:/winavr-20100110/bin/../lib/gcc/avr/4.3.3/avr5\libgcc.a(_gt_sf.o)
 .debug_pubnames
                0x000000ab       0x1e c:/winavr-20100110/bin/../lib/gcc/avr/4.3.3/avr5\libgcc.a(_ge_sf.o)
 .debug_pubnames
                0x000000c9       0x1e c:/winavr-20100110/bin/../lib/gcc/avr/4.3.3/avr5\libgcc.a(_lt_sf.o)
 .debug_pubnames
                0x000000e7       0x22 c:/winavr-20100110/bin/../lib/gcc/avr/4.3.3/avr5\libgcc.a(_si_to_sf.o)
 .debug_pubnames
                0x00000109       0x20 c:/winavr-20100110/bin/../lib/gcc/avr/4.3.3/avr5\libgcc.a(_sf_to_si.o)
 .debug_pubnames
                0x00000129       0x22 c:/winavr-20100110/bin/../lib/gcc/avr/4.3.3/avr5\libgcc.a(_thenan_sf.o)
 .debug_pubnames
                0x0000014b       0x24 c:/winavr-20100110/bin/../lib/gcc/avr/4.3.3/avr5\libgcc.a(_usi_to_sf.o)
 .debug_pubnames
                0x0000016f       0x1f c:/winavr-20100110/bin/../lib/gcc/avr/4.3.3/avr5\libgcc.a(_clzsi2.o)
 .debug_pubnames
                0x0000018e       0x1f c:/winavr-20100110/bin/../lib/gcc/avr/4.3.3/avr5\libgcc.a(_pack_sf.o)
 .debug_pubnames
                0x000001ad       0x21 c:/winavr-20100110/bin/../lib/gcc/avr/4.3.3/avr5\libgcc.a(_unpack_sf.o)
 .debug_pubnames
                0x000001ce       0x26 c:/winavr-20100110/bin/../lib/gcc/avr/4.3.3/avr5\libgcc.a(_fpcmp_parts_sf.o)
 .debug_pubnames
                0x000001f4       0x20 c:/winavr-20100110/bin/../lib/gcc/avr/4.3.3/avr5\libgcc.a(_clz.o)

.debug_info     0x00000000     0x2612
 *(.debug_info)
 .debug_info    0x00000000       0xb1 c:/winavr-20100110/bin/../lib/gcc/avr/4.3.3/avr5\libgcc.a(_fixunssfsi.o)
 .debug_info    0x000000b1      0x47a c:/winavr-20100110/bin/../lib/gcc/avr/4.3.3/avr5\libgcc.a(_addsub_sf.o)
 .debug_info    0x0000052b      0x485 c:/winavr-20100110/bin/../lib/gcc/avr/4.3.3/avr5\libgcc.a(_mul_sf.o)
 .debug_info    0x000009b0      0x3fc c:/winavr-20100110/bin/../lib/gcc/avr/4.3.3/avr5\libgcc.a(_div_sf.o)
 .debug_info    0x00000dac      0x27f c:/winavr-20100110/bin/../lib/gcc/avr/4.3.3/avr5\libgcc.a(_gt_sf.o)
 .debug_info    0x0000102b      0x27f c:/winavr-20100110/bin/../lib/gcc/avr/4.3.3/avr5\libgcc.a(_ge_sf.o)
 .debug_info    0x000012aa      0x27f c:/winavr-20100110/bin/../lib/gcc/avr/4.3.3/avr5\libgcc.a(_lt_sf.o)
 .debug_info    0x00001529      0x207 c:/winavr-20100110/bin/../lib/gcc/avr/4.3.3/avr5\libgcc.a(_si_to_sf.o)
 .debug_info    0x00001730      0x2b0 c:/winavr-20100110/bin/../lib/gcc/avr/4.3.3/avr5\libgcc.a(_sf_to_si.o)
 .debug_info    0x000019e0      0x12c c:/winavr-20100110/bin/../lib/gcc/avr/4.3.3/avr5\libgcc.a(_thenan_sf.o)
 .debug_info    0x00001b0c      0x206 c:/winavr-20100110/bin/../lib/gcc/avr/4.3.3/avr5\libgcc.a(_usi_to_sf.o)
 .debug_info    0x00001d12      0x117 c:/winavr-20100110/bin/../lib/gcc/avr/4.3.3/avr5\libgcc.a(_clzsi2.o)
 .debug_info    0x00001e29      0x2df c:/winavr-20100110/bin/../lib/gcc/avr/4.3.3/avr5\libgcc.a(_pack_sf.o)
 .debug_info    0x00002108      0x251 c:/winavr-20100110/bin/../lib/gcc/avr/4.3.3/avr5\libgcc.a(_unpack_sf.o)
 .debug_info    0x00002359      0x210 c:/winavr-20100110/bin/../lib/gcc/avr/4.3.3/avr5\libgcc.a(_fpcmp_parts_sf.o)
 .debug_info    0x00002569       0xa9 c:/winavr-20100110/bin/../lib/gcc/avr/4.3.3/avr5\libgcc.a(_clz.o)
 *(.gnu.linkonce.wi.*)

.debug_abbrev   0x00000000     0x14ce
 *(.debug_abbrev)
 .debug_abbrev  0x00000000       0x5d c:/winavr-20100110/bin/../lib/gcc/avr/4.3.3/avr5\libgcc.a(_fixunssfsi.o)
 .debug_abbrev  0x0000005d      0x1ea c:/winavr-20100110/bin/../lib/gcc/avr/4.3.3/avr5\libgcc.a(_addsub_sf.o)
 .debug_abbrev  0x00000247      0x21b c:/winavr-20100110/bin/../lib/gcc/avr/4.3.3/avr5\libgcc.a(_mul_sf.o)
 .debug_abbrev  0x00000462      0x216 c:/winavr-20100110/bin/../lib/gcc/avr/4.3.3/avr5\libgcc.a(_div_sf.o)
 .debug_abbrev  0x00000678      0x15a c:/winavr-20100110/bin/../lib/gcc/avr/4.3.3/avr5\libgcc.a(_gt_sf.o)
 .debug_abbrev  0x000007d2      0x15a c:/winavr-20100110/bin/../lib/gcc/avr/4.3.3/avr5\libgcc.a(_ge_sf.o)
 .debug_abbrev  0x0000092c      0x15a c:/winavr-20100110/bin/../lib/gcc/avr/4.3.3/avr5\libgcc.a(_lt_sf.o)
 .debug_abbrev  0x00000a86      0x148 c:/winavr-20100110/bin/../lib/gcc/avr/4.3.3/avr5\libgcc.a(_si_to_sf.o)
 .debug_abbrev  0x00000bce      0x17f c:/winavr-20100110/bin/../lib/gcc/avr/4.3.3/avr5\libgcc.a(_sf_to_si.o)
 .debug_abbrev  0x00000d4d       0xad c:/winavr-20100110/bin/../lib/gcc/avr/4.3.3/avr5\libgcc.a(_thenan_sf.o)
 .debug_abbrev  0x00000dfa      0x157 c:/winavr-20100110/bin/../lib/gcc/avr/4.3.3/avr5\libgcc.a(_usi_to_sf.o)
 .debug_abbrev  0x00000f51       0xc4 c:/winavr-20100110/bin/../lib/gcc/avr/4.3.3/avr5\libgcc.a(_clzsi2.o)
 .debug_abbrev  0x00001015      0x1c0 c:/winavr-20100110/bin/../lib/gcc/avr/4.3.3/avr5\libgcc.a(_pack_sf.o)
 .debug_abbrev  0x000011d5      0x154 c:/winavr-20100110/bin/../lib/gcc/avr/4.3.3/avr5\libgcc.a(_unpack_sf.o)
 .debug_abbrev  0x00001329      0x13b c:/winavr-20100110/bin/../lib/gcc/avr/4.3.3/avr5\libgcc.a(_fpcmp_parts_sf.o)
 .debug_abbrev  0x00001464       0x6a c:/winavr-20100110/bin/../lib/gcc/avr/4.3.3/avr5\libgcc.a(_clz.o)

.debug_line     0x00000000     0x130b
 *(.debug_line)
 .debug_line    0x00000000       0xa7 c:/winavr-20100110/bin/../lib/gcc/avr/4.3.3/avr5\libgcc.a(_fixunssfsi.o)
 .debug_line    0x000000a7      0x2af c:/winavr-20100110/bin/../lib/gcc/avr/4.3.3/avr5\libgcc.a(_addsub_sf.o)
 .debug_line    0x00000356      0x239 c:/winavr-20100110/bin/../lib/gcc/avr/4.3.3/avr5\libgcc.a(_mul_sf.o)
 .debug_line    0x0000058f      0x1d5 c:/winavr-20100110/bin/../lib/gcc/avr/4.3.3/avr5\libgcc.a(_div_sf.o)
 .debug_line    0x00000764       0xd3 c:/winavr-20100110/bin/../lib/gcc/avr/4.3.3/avr5\libgcc.a(_gt_sf.o)
 .debug_line    0x00000837       0xd3 c:/winavr-20100110/bin/../lib/gcc/avr/4.3.3/avr5\libgcc.a(_ge_sf.o)
 .debug_line    0x0000090a       0xd3 c:/winavr-20100110/bin/../lib/gcc/avr/4.3.3/avr5\libgcc.a(_lt_sf.o)
 .debug_line    0x000009dd      0x135 c:/winavr-20100110/bin/../lib/gcc/avr/4.3.3/avr5\libgcc.a(_si_to_sf.o)
 .debug_line    0x00000b12      0x109 c:/winavr-20100110/bin/../lib/gcc/avr/4.3.3/avr5\libgcc.a(_sf_to_si.o)
 .debug_line    0x00000c1b       0x90 c:/winavr-20100110/bin/../lib/gcc/avr/4.3.3/avr5\libgcc.a(_thenan_sf.o)
 .debug_line    0x00000cab      0x133 c:/winavr-20100110/bin/../lib/gcc/avr/4.3.3/avr5\libgcc.a(_usi_to_sf.o)
 .debug_line    0x00000dde       0xa5 c:/winavr-20100110/bin/../lib/gcc/avr/4.3.3/avr5\libgcc.a(_clzsi2.o)
 .debug_line    0x00000e83      0x18a c:/winavr-20100110/bin/../lib/gcc/avr/4.3.3/avr5\libgcc.a(_pack_sf.o)
 .debug_line    0x0000100d      0x14b c:/winavr-20100110/bin/../lib/gcc/avr/4.3.3/avr5\libgcc.a(_unpack_sf.o)
 .debug_line    0x00001158      0x137 c:/winavr-20100110/bin/../lib/gcc/avr/4.3.3/avr5\libgcc.a(_fpcmp_parts_sf.o)
 .debug_line    0x0000128f       0x7c c:/winavr-20100110/bin/../lib/gcc/avr/4.3.3/avr5\libgcc.a(_clz.o)

.debug_frame    0x00000000      0x1e0
 *(.debug_frame)
 .debug_frame   0x00000000       0x20 c:/winavr-20100110/bin/../lib/gcc/avr/4.3.3/avr5\libgcc.a(_fixunssfsi.o)
 .debug_frame   0x00000020       0x40 c:/winavr-20100110/bin/../lib/gcc/avr/4.3.3/avr5\libgcc.a(_addsub_sf.o)
 .debug_frame   0x00000060       0x20 c:/winavr-20100110/bin/../lib/gcc/avr/4.3.3/avr5\libgcc.a(_mul_sf.o)
 .debug_frame   0x00000080       0x20 c:/winavr-20100110/bin/../lib/gcc/avr/4.3.3/avr5\libgcc.a(_div_sf.o)
 .debug_frame   0x000000a0       0x20 c:/winavr-20100110/bin/../lib/gcc/avr/4.3.3/avr5\libgcc.a(_gt_sf.o)
 .debug_frame   0x000000c0       0x20 c:/winavr-20100110/bin/../lib/gcc/avr/4.3.3/avr5\libgcc.a(_ge_sf.o)
 .debug_frame   0x000000e0       0x20 c:/winavr-20100110/bin/../lib/gcc/avr/4.3.3/avr5\libgcc.a(_lt_sf.o)
 .debug_frame   0x00000100       0x20 c:/winavr-20100110/bin/../lib/gcc/avr/4.3.3/avr5\libgcc.a(_si_to_sf.o)
 .debug_frame   0x00000120       0x20 c:/winavr-20100110/bin/../lib/gcc/avr/4.3.3/avr5\libgcc.a(_sf_to_si.o)
 .debug_frame   0x00000140       0x20 c:/winavr-20100110/bin/../lib/gcc/avr/4.3.3/avr5\libgcc.a(_usi_to_sf.o)
 .debug_frame   0x00000160       0x20 c:/winavr-20100110/bin/../lib/gcc/avr/4.3.3/avr5\libgcc.a(_clzsi2.o)
 .debug_frame   0x00000180       0x20 c:/winavr-20100110/bin/../lib/gcc/avr/4.3.3/avr5\libgcc.a(_pack_sf.o)
 .debug_frame   0x000001a0       0x20 c:/winavr-20100110/bin/../lib/gcc/avr/4.3.3/avr5\libgcc.a(_unpack_sf.o)
 .debug_frame   0x000001c0       0x20 c:/winavr-20100110/bin/../lib/gcc/avr/4.3.3/avr5\libgcc.a(_fpcmp_parts_sf.o)

.debug_str      0x00000000      0x307
 *(.debug_str)
 .debug_str     0x00000000       0xbf c:/winavr-20100110/bin/../lib/gcc/avr/4.3.3/avr5\libgcc.a(_fixunssfsi.o)
                                 0xfe (size before relaxing)
 .debug_str     0x000000bf      0x14d c:/winavr-20100110/bin/../lib/gcc/avr/4.3.3/avr5\libgcc.a(_addsub_sf.o)
                                0x206 (size before relaxing)
 .debug_str     0x0000020c       0x27 c:/winavr-20100110/bin/../lib/gcc/avr/4.3.3/avr5\libgcc.a(_mul_sf.o)
                                0x1bf (size before relaxing)
 .debug_str     0x00000233       0x35 c:/winavr-20100110/bin/../lib/gcc/avr/4.3.3/avr5\libgcc.a(_div_sf.o)
                                0x1c8 (size before relaxing)
 .debug_str     0x00000268        0x8 c:/winavr-20100110/bin/../lib/gcc/avr/4.3.3/avr5\libgcc.a(_gt_sf.o)
                                0x195 (size before relaxing)
 .debug_str     0x00000270        0x8 c:/winavr-20100110/bin/../lib/gcc/avr/4.3.3/avr5\libgcc.a(_ge_sf.o)
                                0x195 (size before relaxing)
 .debug_str     0x00000278        0x8 c:/winavr-20100110/bin/../lib/gcc/avr/4.3.3/avr5\libgcc.a(_lt_sf.o)
                                0x195 (size before relaxing)
 .debug_str     0x00000280       0x1e c:/winavr-20100110/bin/../lib/gcc/avr/4.3.3/avr5\libgcc.a(_si_to_sf.o)
                                0x17b (size before relaxing)
 .debug_str     0x0000029e        0xa c:/winavr-20100110/bin/../lib/gcc/avr/4.3.3/avr5\libgcc.a(_sf_to_si.o)
                                0x19e (size before relaxing)
 .debug_str     0x00000000      0x103 c:/winavr-20100110/bin/../lib/gcc/avr/4.3.3/avr5\libgcc.a(_thenan_sf.o)
 .debug_str     0x000002a8       0x14 c:/winavr-20100110/bin/../lib/gcc/avr/4.3.3/avr5\libgcc.a(_usi_to_sf.o)
                                0x177 (size before relaxing)
 .debug_str     0x000002bc       0x20 c:/winavr-20100110/bin/../lib/gcc/avr/4.3.3/avr5\libgcc.a(_clzsi2.o)
                                0x111 (size before relaxing)
 .debug_str     0x000002dc       0x10 c:/winavr-20100110/bin/../lib/gcc/avr/4.3.3/avr5\libgcc.a(_pack_sf.o)
                                0x19d (size before relaxing)
 .debug_str     0x000002ec        0xb c:/winavr-20100110/bin/../lib/gcc/avr/4.3.3/avr5\libgcc.a(_unpack_sf.o)
                                0x17f (size before relaxing)
 .debug_str     0x000002f7       0x10 c:/winavr-20100110/bin/../lib/gcc/avr/4.3.3/avr5\libgcc.a(_fpcmp_parts_sf.o)
                                0x163 (size before relaxing)
 .debug_str     0x00000000       0xf4 c:/winavr-20100110/bin/../lib/gcc/avr/4.3.3/avr5\libgcc.a(_clz.o)

.debug_loc      0x00000000      0xa1a
 *(.debug_loc)
 .debug_loc     0x00000000       0x34 c:/winavr-20100110/bin/../lib/gcc/avr/4.3.3/avr5\libgcc.a(_fixunssfsi.o)
 .debug_loc     0x00000034      0x32a c:/winavr-20100110/bin/../lib/gcc/avr/4.3.3/avr5\libgcc.a(_addsub_sf.o)
 .debug_loc     0x0000035e      0x104 c:/winavr-20100110/bin/../lib/gcc/avr/4.3.3/avr5\libgcc.a(_mul_sf.o)
 .debug_loc     0x00000462       0xc0 c:/winavr-20100110/bin/../lib/gcc/avr/4.3.3/avr5\libgcc.a(_div_sf.o)
 .debug_loc     0x00000522       0x3c c:/winavr-20100110/bin/../lib/gcc/avr/4.3.3/avr5\libgcc.a(_gt_sf.o)
 .debug_loc     0x0000055e       0x3c c:/winavr-20100110/bin/../lib/gcc/avr/4.3.3/avr5\libgcc.a(_ge_sf.o)
 .debug_loc     0x0000059a       0x3c c:/winavr-20100110/bin/../lib/gcc/avr/4.3.3/avr5\libgcc.a(_lt_sf.o)
 .debug_loc     0x000005d6       0xac c:/winavr-20100110/bin/../lib/gcc/avr/4.3.3/avr5\libgcc.a(_si_to_sf.o)
 .debug_loc     0x00000682       0x7e c:/winavr-20100110/bin/../lib/gcc/avr/4.3.3/avr5\libgcc.a(_sf_to_si.o)
 .debug_loc     0x00000700       0x4c c:/winavr-20100110/bin/../lib/gcc/avr/4.3.3/avr5\libgcc.a(_usi_to_sf.o)
 .debug_loc     0x0000074c       0x94 c:/winavr-20100110/bin/../lib/gcc/avr/4.3.3/avr5\libgcc.a(_clzsi2.o)
 .debug_loc     0x000007e0      0x13e c:/winavr-20100110/bin/../lib/gcc/avr/4.3.3/avr5\libgcc.a(_pack_sf.o)
 .debug_loc     0x0000091e       0xac c:/winavr-20100110/bin/../lib/gcc/avr/4.3.3/avr5\libgcc.a(_unpack_sf.o)
 .debug_loc     0x000009ca       0x50 c:/winavr-20100110/bin/../lib/gcc/avr/4.3.3/avr5\libgcc.a(_fpcmp_parts_sf.o)

.debug_macinfo
 *(.debug_macinfo)
OUTPUT(CCS_SYS.elf elf32-avr)
LOAD linker stubs

.debug_ranges   0x00000000       0x50
 .debug_ranges  0x00000000       0x50 c:/winavr-20100110/bin/../lib/gcc/avr/4.3.3/avr5\libgcc.a(_mul_sf.o)
